[nixontrades.com/index.html]
[backblue.gif]
[fade.gif]
[index.html]
[nixontrades.com/market.php.html]
[nixontrades.com/forex.php.html]
[nixontrades.com/copy.php.html]
[nixontrades.com/options.php.html]
[nixontrades.com/stocks.php.html]
[nixontrades.com/estate.php.html]
[nixontrades.com/retirement.php.html]
[nixontrades.com/financial.php.html]
[nixontrades.com/privatewealth.php.html]
[nixontrades.com/about.php.html]
[nixontrades.com/login.html]
[s3.tradingview.com/external-embedding/embed-widget-forex-cross-rates.js]
[s3.tradingview.com/external-embedding/embed-widget-market-quotes.js]
[nixontrades.com/expert-traders.php.html]
[nixontrades.com/faq.php.html]
[nixontrades.com/contact.php.html]
[nixontrades.com/fixedincome.php.html]
[nixontrades.com/infrastructure.php.html]
[nixontrades.com/multiasset.php.html]
[nixontrades.com/privacy.php.html]
[nixontrades.com/terms.php.html]
[nixontrades.com/index.html]
[nixontrades.com/css24477.html]
[nixontrades.com/css2-13869.html]
[nixontrades.com/market.php.html]
[nixontrades.com/forex.php.html]
[nixontrades.com/copy.php.html]
[nixontrades.com/options.php.html]
[nixontrades.com/stocks.php.html]
[nixontrades.com/estate.php.html]
[nixontrades.com/retirement.php.html]
[nixontrades.com/index.html]
[nixontrades.com/register]
[www.smartsuppchat.com/loaderd41d.js]
[nixontrades.com/âhttps_/www.smartsupp.comâ]
[nixontrades.com/financial.php.html]
[nixontrades.com/privatewealth.php.html]
[nixontrades.com/about.php.html]
[nixontrades.com/favicon.ico]
[nixontrades.com/images/logo.png]
[nixontrades.com/images/logo-dark.png]
[nixontrades.com/password/forget.html]
[nixontrades.com/page/faqs.html]
[nixontrades.com/page/terms-and-condition.html]
[nixontrades.com/login.html]
[nixontrades.com/expert-traders.php.html]
[nixontrades.com/faq.php.html]
[nixontrades.com/contact.php.html]
[nixontrades.com/fixedincome.php.html]
[nixontrades.com/infrastructure.php.html]
[nixontrades.com/multiasset.php.html]
[nixontrades.com/privacy.php.html]
[nixontrades.com/terms.php.html]
[nixontrades.com/index.html]
[nixontrades.com/register]
[nixontrades.com/âhttps_/www.smartsupp.html]
[nixontrades.com/password/forget.html]
[nixontrades.com/page/privacy-policy.html]
[nixontrades.com/investments.html]
[nixontrades.com/page/faqs.html]
[nixontrades.com/page/terms-and-condition.html]
[nixontrades.com/page/privacy-policy.html]
[code.tidio.co_443/di7gehx1aknw36yw1lunony0brsq3cc2.js]
[nixontrades.com/investments.html]
[nixontrades.com/page/contact-us]
[nixontrades.com/page/about-us]
[nixontrades.com/page/about-us]
[nixontrades.com/page/contact-us]
